[sadbuggie.vip/index.html]
[backblue.gif]
[fade.gif]
[index.html]
[kit.fontawesome.com/22f7957471.js]
[sadbuggie.vip/style.css]
[sadbuggie.vip/logo.png]
[script.crazyegg.com/pages/scripts/0119/9811.js]
[assets-global.website-files.com/5f14f26dfc99528450bac111/5f98bdf1508b5c419f685c13_KB_Wb_WaveCycle_MasterComp_1920x1356_Uncroppedw-BG-poster-00001.jpg]
[sadbuggie.vip/Og-nug-profiilikuva_ce6b7ac510.png]
[sadbuggie.vip/ttlink]
[sadbuggie.vip/chartlink]
[sadbuggie.vip/buylink]
[assets-global.website-files.com/5f14f26dfc99528450bac111/5f868aae9aa4fca4da54dfa4_KB_Wb_WaterSection_Pale_v02.png]
[sadbuggie.vip/img.png]
[sadbuggie.vip/img2.png]
[assets-global.website-files.com/5f14f26dfc99528450bac111/5f87e5b6900801a087f2f6f7_KB_Wb_Icons_watch.png]
[sadbuggie.vip/img3.png]
[sadbuggie.vip/img4.png]
[assets-global.website-files.com/5f14f26dfc99528450bac111/5f87e5b6f5fd372fc6b443d9_KB_Wb_Icons_Games.png]
[sadbuggie.vip/img6.png]
[sadbuggie.vip/img5.png]
[assets-global.website-files.com/5f14f26dfc99528450bac111/5f87e5b6fa21cb48f15cbb89_KB_Wb_Icons_Characters.png]
[sadbuggie.vip/img7.png]
[d3e54v103j8qbb.cloudfront.net/js/jquery-3.5.1.min.dc5e7f18c811a0.js]
[assets-global.website-files.com/5f14f26dfc99528450bac111/js/webflow.a1f9f9cfb.js]
[cdn.jsdelivr.net/npm/js-cookie@3.0.5/dist/js.cookie.min.js]
[sadbuggie.vip/index.html]
[assets-global.website-files.com/5f14f26dfc99528450bac111/5f87aa1cbc0d53a5a645d35d_KB_Wb_ColourCardYellow.jpg]
[assets-global.website-files.com/5f14f26dfc99528450bac111/5f87aa1d9008015e19f27ad6_KB_Wb_ColourCardPink.jpg]
[assets-global.website-files.com/5f14f26dfc99528450bac111/5f87aa1c7c0dc053500bc57a_KB_Wb_ColourCardGreen.jpg]
[assets-global.website-files.com/5f14f26dfc99528450bac111/5f87e87794d7027284c0e679_KB_mat_ColourCardOrange.jpg]
[assets-global.website-files.com/5f14f26dfc99528450bac111/5f87e87716cb645fdcbafc60_KB_mat_ColourCardLEafGreen.jpg]
[assets-global.website-files.com/5f14f26dfc99528450bac111/5f87e877abf1e0227b33811d_KB_mat_ColourCardBlue.jpg]
[assets-global.website-files.com/5f14f26dfc99528450bac111/5f87aa1d9fc4a6850234a287_KB_Wb_ColourCardBlue.jpg]
[assets-global.website-files.com/5f14f26dfc99528450bac111/5f8688c4519d0ff15a61af23_KB_Wb_WaterSection_Cyan_v01.png]
[assets-global.website-files.com/5f14f26dfc99528450bac111/5f893fbfb33e77e503b84de8_Make BG.png]
[assets-global.website-files.com/5f14f26dfc99528450bac111/5f8cca284e5fce49ecb61f24_KB_Pb_Text_SandExtended_V01.jpg]
[assets-global.website-files.com/5f14f26dfc99528450bac111/5fdaf65f020c202be1fcf8e3_KB_Env_SnackShack.jpg]
[assets-global.website-files.com/5f14f26dfc99528450bac111/5f90d867daa94f56c280688a_KB_DE_TitleLockupRescueTube_Web.png]
[assets-global.website-files.com/5f14f26dfc99528450bac111/5f9a040cda119c2cb0c8b5da_CH Short.png]
[assets-global.website-files.com/5f14f26dfc99528450bac111/5f90d053f3d682d80a37b5b6_KB_Wb_WaterSection_Dark_V03.png]
[assets-global.website-files.com/5f14f26dfc99528450bac111/5f9761aa7e018d80d3534c68_KB_OrangeFrame Med-3.png]
[assets-global.website-files.com/5f14f26dfc99528450bac111/5f893fbf2f3ebc7b5374def1_Make MG.png]
[assets-global.website-files.com/5f14f26dfc99528450bac111/5fadeb0514170a310dcbb629_Make FG.png]
[assets-global.website-files.com/5f14f26dfc99528450bac111/5fae12e959ea63dd5a17f264_KB_OrangeFrame 16_9.png]
[assets-global.website-files.com/5f14f26dfc99528450bac111/5fae27eee0a630913dcba51a_Splash_2a_NoBlur-Synopsis.png]
[assets-global.website-files.com/5f14f26dfc99528450bac111/5fd854832b6c4d6651b0a35f_KB_RescuboardHeadingBanner_01LORES.png]
[assets-global.website-files.com/5f14f26dfc99528450bac111/5fdbfb1cc1e40dd2acb33cf8_KB_OrangeFrame 1110pxWeb.png]
[assets-global.website-files.com/5f14f26dfc99528450bac111/643f4f25b7eea448ee3b9c75_platy_crabbing.png]
[assets-global.website-files.com/5f14f26dfc99528450bac111/657a8e5afad31a396fd14893_kb-promo-bg.jpg]
[assets-global.website-files.com/5f14f26dfc99528450bac111/657a8fe1b878a704600341bd_kb-promo-shop.png]
[assets-global.website-files.com/5f14f26dfc99528450bac111/657a8f444fe5905bc958a104_kb-promo-website.png]
[assets-global.website-files.com/5f14f26dfc99528450bac111/5fadea09186dafa584bc8841_Make MG.png]
[assets-global.website-files.com/5f14f26dfc99528450bac111/5fadeb92d131013ec60f40f3_Make FG.png]
[assets-global.website-files.com/5f14f26dfc99528450bac111/5fadeaa5d13101b1bc0f3731_Make FG.png]
[assets-global.website-files.com/5f14f26dfc99528450bac111/5fae18805f11ed65bc0fd1fb_KB_OrangeFrame9_16.png]
[sadbuggie.vip/style.css]
[sadbuggie.vip/ttlink.html]
[sadbuggie.vip/chartlink.html]
[sadbuggie.vip/buylink.html]
